Analysis & Synthesis report for Lab6V3
Fri Sep 20 14:27:31 2024
Quartus II 64-Bit Version 13.0.1 Build 232 06/12/2013 Service Pack 1 SJ Web Edition


---------------------
; Table of Contents ;
---------------------
  1. Legal Notice
  2. Analysis & Synthesis Summary
  3. Analysis & Synthesis Settings
  4. Parallel Compilation
  5. Analysis & Synthesis Source Files Read
  6. Analysis & Synthesis Resource Usage Summary
  7. Analysis & Synthesis Resource Utilization by Entity
  8. State Machine - |Lab6Q3|Lab5:FSM|y
  9. General Register Statistics
 10. Elapsed Time Per Partition
 11. Analysis & Synthesis Messages



----------------
; Legal Notice ;
----------------
Copyright (C) 1991-2013 Altera Corporation
Your use of Altera Corporation's design tools, logic functions 
and other software and tools, and its AMPP partner logic 
functions, and any output files from any of the foregoing 
(including device programming or simulation files), and any 
associated documentation or information are expressly subject 
to the terms and conditions of the Altera Program License 
Subscription Agreement, Altera MegaCore Function License 
Agreement, or other applicable license agreement, including, 
without limitation, that your use is for the sole purpose of 
programming logic devices manufactured by Altera and sold by 
Altera or its authorized distributors.  Please refer to the 
applicable agreement for further details.



+--------------------------------------------------------------------------------------+
; Analysis & Synthesis Summary                                                         ;
+------------------------------------+-------------------------------------------------+
; Analysis & Synthesis Status        ; Successful - Fri Sep 20 14:27:31 2024           ;
; Quartus II 64-Bit Version          ; 13.0.1 Build 232 06/12/2013 SP 1 SJ Web Edition ;
; Revision Name                      ; Lab6V3                                          ;
; Top-level Entity Name              ; Lab6Q3                                          ;
; Family                             ; Cyclone II                                      ;
; Total logic elements               ; 19                                              ;
;     Total combinational functions  ; 12                                              ;
;     Dedicated logic registers      ; 10                                              ;
; Total registers                    ; 10                                              ;
; Total pins                         ; 36                                              ;
; Total virtual pins                 ; 0                                               ;
; Total memory bits                  ; 0                                               ;
; Embedded Multiplier 9-bit elements ; 0                                               ;
; Total PLLs                         ; 0                                               ;
+------------------------------------+-------------------------------------------------+


+----------------------------------------------------------------------------------------------------------------------+
; Analysis & Synthesis Settings                                                                                        ;
+----------------------------------------------------------------------------+--------------------+--------------------+
; Option                                                                     ; Setting            ; Default Value      ;
+----------------------------------------------------------------------------+--------------------+--------------------+
; Device                                                                     ; EP2C35F672C6       ;                    ;
; Top-level entity name                                                      ; Lab6Q3             ; Lab6V3             ;
; Family name                                                                ; Cyclone II         ; Cyclone IV GX      ;
; Use smart compilation                                                      ; Off                ; Off                ;
; Enable parallel Assembler and TimeQuest Timing Analyzer during compilation ; On                 ; On                 ;
; Enable compact report table                                                ; Off                ; Off                ;
; Restructure Multiplexers                                                   ; Auto               ; Auto               ;
; Create Debugging Nodes for IP Cores                                        ; Off                ; Off                ;
; Preserve fewer node names                                                  ; On                 ; On                 ;
; Disable OpenCore Plus hardware evaluation                                  ; Off                ; Off                ;
; Verilog Version                                                            ; Verilog_2001       ; Verilog_2001       ;
; VHDL Version                                                               ; VHDL_1993          ; VHDL_1993          ;
; State Machine Processing                                                   ; Auto               ; Auto               ;
; Safe State Machine                                                         ; Off                ; Off                ;
; Extract Verilog State Machines                                             ; On                 ; On                 ;
; Extract VHDL State Machines                                                ; On                 ; On                 ;
; Ignore Verilog initial constructs                                          ; Off                ; Off                ;
; Iteration limit for constant Verilog loops                                 ; 5000               ; 5000               ;
; Iteration limit for non-constant Verilog loops                             ; 250                ; 250                ;
; Add Pass-Through Logic to Inferred RAMs                                    ; On                 ; On                 ;
; Infer RAMs from Raw Logic                                                  ; On                 ; On                 ;
; Parallel Synthesis                                                         ; On                 ; On                 ;
; DSP Block Balancing                                                        ; Auto               ; Auto               ;
; NOT Gate Push-Back                                                         ; On                 ; On                 ;
; Power-Up Don't Care                                                        ; On                 ; On                 ;
; Remove Redundant Logic Cells                                               ; Off                ; Off                ;
; Remove Duplicate Registers                                                 ; On                 ; On                 ;
; Ignore CARRY Buffers                                                       ; Off                ; Off                ;
; Ignore CASCADE Buffers                                                     ; Off                ; Off                ;
; Ignore GLOBAL Buffers                                                      ; Off                ; Off                ;
; Ignore ROW GLOBAL Buffers                                                  ; Off                ; Off                ;
; Ignore LCELL Buffers                                                       ; Off                ; Off                ;
; Ignore SOFT Buffers                                                        ; On                 ; On                 ;
; Limit AHDL Integers to 32 Bits                                             ; Off                ; Off                ;
; Optimization Technique                                                     ; Balanced           ; Balanced           ;
; Carry Chain Length                                                         ; 70                 ; 70                 ;
; Auto Carry Chains                                                          ; On                 ; On                 ;
; Auto Open-Drain Pins                                                       ; On                 ; On                 ;
; Perform WYSIWYG Primitive Resynthesis                                      ; Off                ; Off                ;
; Auto ROM Replacement                                                       ; On                 ; On                 ;
; Auto RAM Replacement                                                       ; On                 ; On                 ;
; Auto Shift Register Replacement                                            ; Auto               ; Auto               ;
; Allow Shift Register Merging across Hierarchies                            ; Auto               ; Auto               ;
; Auto Clock Enable Replacement                                              ; On                 ; On                 ;
; Strict RAM Replacement                                                     ; Off                ; Off                ;
; Allow Synchronous Control Signals                                          ; On                 ; On                 ;
; Force Use of Synchronous Clear Signals                                     ; Off                ; Off                ;
; Auto RAM to Logic Cell Conversion                                          ; Off                ; Off                ;
; Auto Resource Sharing                                                      ; Off                ; Off                ;
; Allow Any RAM Size For Recognition                                         ; Off                ; Off                ;
; Allow Any ROM Size For Recognition                                         ; Off                ; Off                ;
; Allow Any Shift Register Size For Recognition                              ; Off                ; Off                ;
; Use LogicLock Constraints during Resource Balancing                        ; On                 ; On                 ;
; Ignore translate_off and synthesis_off directives                          ; Off                ; Off                ;
; Timing-Driven Synthesis                                                    ; Off                ; Off                ;
; Report Parameter Settings                                                  ; On                 ; On                 ;
; Report Source Assignments                                                  ; On                 ; On                 ;
; Report Connectivity Checks                                                 ; On                 ; On                 ;
; Ignore Maximum Fan-Out Assignments                                         ; Off                ; Off                ;
; Synchronization Register Chain Length                                      ; 2                  ; 2                  ;
; PowerPlay Power Optimization                                               ; Normal compilation ; Normal compilation ;
; HDL message level                                                          ; Level2             ; Level2             ;
; Suppress Register Optimization Related Messages                            ; Off                ; Off                ;
; Number of Removed Registers Reported in Synthesis Report                   ; 5000               ; 5000               ;
; Number of Swept Nodes Reported in Synthesis Report                         ; 5000               ; 5000               ;
; Number of Inverted Registers Reported in Synthesis Report                  ; 100                ; 100                ;
; Clock MUX Protection                                                       ; On                 ; On                 ;
; Auto Gated Clock Conversion                                                ; Off                ; Off                ;
; Block Design Naming                                                        ; Auto               ; Auto               ;
; SDC constraint protection                                                  ; Off                ; Off                ;
; Synthesis Effort                                                           ; Auto               ; Auto               ;
; Shift Register Replacement - Allow Asynchronous Clear Signal               ; On                 ; On                 ;
; Pre-Mapping Resynthesis Optimization                                       ; Off                ; Off                ;
; Analysis & Synthesis Message Level                                         ; Medium             ; Medium             ;
; Disable Register Merging Across Hierarchies                                ; Auto               ; Auto               ;
; Resource Aware Inference For Block RAM                                     ; On                 ; On                 ;
; Synthesis Seed                                                             ; 1                  ; 1                  ;
+----------------------------------------------------------------------------+--------------------+--------------------+


Parallel compilation was disabled, but you have multiple processors available. Enable parallel compilation to reduce compilation time.
+-------------------------------------+
; Parallel Compilation                ;
+----------------------------+--------+
; Processors                 ; Number ;
+----------------------------+--------+
; Number detected on machine ; 8      ;
; Maximum allowed            ; 1      ;
+----------------------------+--------+


+----------------------------------------------------------------------------------------------------------------------------------------------------------------------------------------------------------------------------------------+
; Analysis & Synthesis Source Files Read                                                                                                                                                                                                 ;
+----------------------------------+-----------------+------------------------------------+------------------------------------------------------------------------------------------------------------------------------------+---------+
; File Name with User-Entered Path ; Used in Netlist ; File Type                          ; File Name with Absolute Path                                                                                                       ; Library ;
+----------------------------------+-----------------+------------------------------------+------------------------------------------------------------------------------------------------------------------------------------+---------+
; Latch.vhd                        ; yes             ; User VHDL File                     ; C:/Users/ericj/Downloads/TMU Engineering Notes/Second Year Engineering/First Semester/COE328/Programs/Lab 6 V3/Latch.vhd           ;         ;
; FSM.vhd                          ; yes             ; User VHDL File                     ; C:/Users/ericj/Downloads/TMU Engineering Notes/Second Year Engineering/First Semester/COE328/Programs/Lab 6 V3/FSM.vhd             ;         ;
; SSEG.vhd                         ; yes             ; User VHDL File                     ; C:/Users/ericj/Downloads/TMU Engineering Notes/Second Year Engineering/First Semester/COE328/Programs/Lab 6 V3/SSEG.vhd            ;         ;
; Decoder_(4to16).vhd              ; yes             ; User VHDL File                     ; C:/Users/ericj/Downloads/TMU Engineering Notes/Second Year Engineering/First Semester/COE328/Programs/Lab 6 V3/Decoder_(4to16).vhd ;         ;
; ALU_Problem3.vhd                 ; yes             ; User VHDL File                     ; C:/Users/ericj/Downloads/TMU Engineering Notes/Second Year Engineering/First Semester/COE328/Programs/Lab 6 V3/ALU_Problem3.vhd    ;         ;
; Lab6Q3.bdf                       ; yes             ; User Block Diagram/Schematic File  ; C:/Users/ericj/Downloads/TMU Engineering Notes/Second Year Engineering/First Semester/COE328/Programs/Lab 6 V3/Lab6Q3.bdf          ;         ;
; SSEG_MODIFIED.vhd                ; yes             ; User VHDL File                     ; C:/Users/ericj/Downloads/TMU Engineering Notes/Second Year Engineering/First Semester/COE328/Programs/Lab 6 V3/SSEG_MODIFIED.vhd   ;         ;
+----------------------------------+-----------------+------------------------------------+------------------------------------------------------------------------------------------------------------------------------------+---------+


+-----------------------------------------------------+
; Analysis & Synthesis Resource Usage Summary         ;
+---------------------------------------------+-------+
; Resource                                    ; Usage ;
+---------------------------------------------+-------+
; Estimated Total logic elements              ; 19    ;
;                                             ;       ;
; Total combinational functions               ; 12    ;
; Logic element usage by number of LUT inputs ;       ;
;     -- 4 input functions                    ; 6     ;
;     -- 3 input functions                    ; 2     ;
;     -- <=2 input functions                  ; 4     ;
;                                             ;       ;
; Logic elements by mode                      ;       ;
;     -- normal mode                          ; 12    ;
;     -- arithmetic mode                      ; 0     ;
;                                             ;       ;
; Total registers                             ; 10    ;
;     -- Dedicated logic registers            ; 10    ;
;     -- I/O registers                        ; 0     ;
;                                             ;       ;
; I/O pins                                    ; 36    ;
; Embedded Multiplier 9-bit elements          ; 0     ;
; Maximum fan-out node                        ; Clock ;
; Maximum fan-out                             ; 10    ;
; Total fan-out                               ; 84    ;
; Average fan-out                             ; 1.45  ;
+---------------------------------------------+-------+


+------------------------------------------------------------------------------------------------------------------------------------------------------------------------------------+
; Analysis & Synthesis Resource Utilization by Entity                                                                                                                                ;
+----------------------------+-------------------+--------------+-------------+--------------+---------+-----------+------+--------------+----------------------------+--------------+
; Compilation Hierarchy Node ; LC Combinationals ; LC Registers ; Memory Bits ; DSP Elements ; DSP 9x9 ; DSP 18x18 ; Pins ; Virtual Pins ; Full Hierarchy Name        ; Library Name ;
+----------------------------+-------------------+--------------+-------------+--------------+---------+-----------+------+--------------+----------------------------+--------------+
; |Lab6Q3                    ; 12 (0)            ; 10 (0)       ; 0           ; 0            ; 0       ; 0         ; 36   ; 0            ; |Lab6Q3                    ; work         ;
;    |ALU_Problem3:inst5|    ; 0 (0)             ; 1 (1)        ; 0           ; 0            ; 0       ; 0         ; 0    ; 0            ; |Lab6Q3|ALU_Problem3:inst5 ; work         ;
;    |Lab5:FSM|              ; 5 (5)             ; 9 (9)        ; 0           ; 0            ; 0       ; 0         ; 0    ; 0            ; |Lab6Q3|Lab5:FSM           ; work         ;
;    |sseg:inst15|           ; 7 (7)             ; 0 (0)        ; 0           ; 0            ; 0       ; 0         ; 0    ; 0            ; |Lab6Q3|sseg:inst15        ; work         ;
+----------------------------+-------------------+--------------+-------------+--------------+---------+-----------+------+--------------+----------------------------+--------------+
Note: For table entries with two numbers listed, the numbers in parentheses indicate the number of resources of the given type used by the specific entity alone. The numbers listed outside of parentheses indicate the total resources of the given type used by the specific entity and all of its sub-entities in the hierarchy.


Encoding Type:  One-Hot
+---------------------------------------------------------------------+
; State Machine - |Lab6Q3|Lab5:FSM|y                                  ;
+------+------+------+------+------+------+------+------+------+------+
; Name ; y.s8 ; y.s7 ; y.s6 ; y.s5 ; y.s4 ; y.s3 ; y.s2 ; y.s1 ; y.s0 ;
+------+------+------+------+------+------+------+------+------+------+
; y.s0 ; 0    ; 0    ; 0    ; 0    ; 0    ; 0    ; 0    ; 0    ; 0    ;
; y.s1 ; 0    ; 0    ; 0    ; 0    ; 0    ; 0    ; 0    ; 1    ; 1    ;
; y.s2 ; 0    ; 0    ; 0    ; 0    ; 0    ; 0    ; 1    ; 0    ; 1    ;
; y.s3 ; 0    ; 0    ; 0    ; 0    ; 0    ; 1    ; 0    ; 0    ; 1    ;
; y.s4 ; 0    ; 0    ; 0    ; 0    ; 1    ; 0    ; 0    ; 0    ; 1    ;
; y.s5 ; 0    ; 0    ; 0    ; 1    ; 0    ; 0    ; 0    ; 0    ; 1    ;
; y.s6 ; 0    ; 0    ; 1    ; 0    ; 0    ; 0    ; 0    ; 0    ; 1    ;
; y.s7 ; 0    ; 1    ; 0    ; 0    ; 0    ; 0    ; 0    ; 0    ; 1    ;
; y.s8 ; 1    ; 0    ; 0    ; 0    ; 0    ; 0    ; 0    ; 0    ; 1    ;
+------+------+------+------+------+------+------+------+------+------+


+------------------------------------------------------+
; General Register Statistics                          ;
+----------------------------------------------+-------+
; Statistic                                    ; Value ;
+----------------------------------------------+-------+
; Total registers                              ; 10    ;
; Number of registers using Synchronous Clear  ; 0     ;
; Number of registers using Synchronous Load   ; 0     ;
; Number of registers using Asynchronous Clear ; 9     ;
; Number of registers using Asynchronous Load  ; 0     ;
; Number of registers using Clock Enable       ; 9     ;
; Number of registers using Preset             ; 0     ;
+----------------------------------------------+-------+


+-------------------------------+
; Elapsed Time Per Partition    ;
+----------------+--------------+
; Partition Name ; Elapsed Time ;
+----------------+--------------+
; Top            ; 00:00:00     ;
+----------------+--------------+


+-------------------------------+
; Analysis & Synthesis Messages ;
+-------------------------------+
Info: *******************************************************************
Info: Running Quartus II 64-Bit Analysis & Synthesis
    Info: Version 13.0.1 Build 232 06/12/2013 Service Pack 1 SJ Web Edition
    Info: Processing started: Fri Sep 20 14:27:29 2024
Info: Command: quartus_map --read_settings_files=on --write_settings_files=off Lab6V3 -c Lab6V3
Warning (20028): Parallel compilation is not licensed and has been disabled
Info (12021): Found 1 design units, including 1 entities, in source file lab6v3.bdf
    Info (12023): Found entity 1: Lab6V3
Info (12021): Found 2 design units, including 1 entities, in source file latch.vhd
    Info (12022): Found design unit 1: latch1-behavior
    Info (12023): Found entity 1: latch1
Info (12021): Found 2 design units, including 1 entities, in source file fsm.vhd
    Info (12022): Found design unit 1: lab5-fsm
    Info (12023): Found entity 1: Lab5
Info (12021): Found 2 design units, including 1 entities, in source file sseg.vhd
    Info (12022): Found design unit 1: sseg-Behavior
    Info (12023): Found entity 1: sseg
Info (12021): Found 2 design units, including 1 entities, in source file decoder_(4to16).vhd
    Info (12022): Found design unit 1: dec4to16-Behavior
    Info (12023): Found entity 1: dec4to16
Info (12021): Found 2 design units, including 1 entities, in source file alu.vhd
    Info (12022): Found design unit 1: ALU-calculation
    Info (12023): Found entity 1: ALU
Info (12021): Found 2 design units, including 1 entities, in source file alu_problem2.vhd
    Info (12022): Found design unit 1: ALU_Problem2-calculation
    Info (12023): Found entity 1: ALU_Problem2
Info (12021): Found 2 design units, including 1 entities, in source file alu_problem3.vhd
    Info (12022): Found design unit 1: ALU_Problem3-calculation
    Info (12023): Found entity 1: ALU_Problem3
Info (12021): Found 1 design units, including 1 entities, in source file lab6q3.bdf
    Info (12023): Found entity 1: Lab6Q3
Info (12021): Found 2 design units, including 1 entities, in source file sseg_modified.vhd
    Info (12022): Found design unit 1: SSEG_Modified-Behavior
    Info (12023): Found entity 1: SSEG_Modified
Info (12127): Elaborating entity "Lab6Q3" for the top level hierarchy
Warning (275008): Primitive "GND" of instance "inst" not used
Info (12128): Elaborating entity "sseg" for hierarchy "sseg:inst15"
Warning (10492): VHDL Process Statement warning at SSEG.vhd(15): signal "Neg" is read inside the Process Statement but isn't in the Process Statement's sensitivity list
Info (12128): Elaborating entity "Lab5" for hierarchy "Lab5:FSM"
Info (12128): Elaborating entity "SSEG_Modified" for hierarchy "SSEG_Modified:inst2"
Info (12128): Elaborating entity "ALU_Problem3" for hierarchy "ALU_Problem3:inst5"
Warning (10036): Verilog HDL or VHDL warning at ALU_Problem3.vhd(15): object "Reg1" assigned a value but never read
Warning (10036): Verilog HDL or VHDL warning at ALU_Problem3.vhd(15): object "Reg2" assigned a value but never read
Info (12128): Elaborating entity "latch1" for hierarchy "latch1:Latch_A"
Info (12128): Elaborating entity "dec4to16" for hierarchy "dec4to16:inst7"
Warning (13024): Output pins are stuck at VCC or GND
    Warning (13410): Pin "Lower_Output[0]" is stuck at VCC
    Warning (13410): Pin "Lower_Output[2]" is stuck at GND
    Warning (13410): Pin "Lower_Output[3]" is stuck at VCC
    Warning (13410): Pin "Lower_Output[6]" is stuck at GND
Info (16010): Generating hard_block partition "hard_block:auto_generated_inst"
    Info (16011): Adding 0 node(s), including 0 DDIO, 0 PLL, 0 transceiver and 0 LCELL
Warning (21074): Design contains 19 input pin(s) that do not drive logic
    Warning (15610): No output dependent on input pin "A_Latch_Reset"
    Warning (15610): No output dependent on input pin "A[7]"
    Warning (15610): No output dependent on input pin "A[6]"
    Warning (15610): No output dependent on input pin "A[5]"
    Warning (15610): No output dependent on input pin "A[4]"
    Warning (15610): No output dependent on input pin "A[3]"
    Warning (15610): No output dependent on input pin "A[2]"
    Warning (15610): No output dependent on input pin "A[1]"
    Warning (15610): No output dependent on input pin "A[0]"
    Warning (15610): No output dependent on input pin "B_Latch_Reset"
    Warning (15610): No output dependent on input pin "B[7]"
    Warning (15610): No output dependent on input pin "B[6]"
    Warning (15610): No output dependent on input pin "B[5]"
    Warning (15610): No output dependent on input pin "B[4]"
    Warning (15610): No output dependent on input pin "B[3]"
    Warning (15610): No output dependent on input pin "B[2]"
    Warning (15610): No output dependent on input pin "B[1]"
    Warning (15610): No output dependent on input pin "B[0]"
    Warning (15610): No output dependent on input pin "Decoder_Enabler"
Info (21057): Implemented 56 device resources after synthesis - the final resource count might be different
    Info (21058): Implemented 22 input pins
    Info (21059): Implemented 14 output pins
    Info (21061): Implemented 20 logic cells
Info: Quartus II 64-Bit Analysis & Synthesis was successful. 0 errors, 30 warnings
    Info: Peak virtual memory: 4641 megabytes
    Info: Processing ended: Fri Sep 20 14:27:31 2024
    Info: Elapsed time: 00:00:02
    Info: Total CPU time (on all processors): 00:00:01


